--------------------------------------------------------------------------------
Release 14.7 Trace  (lin64)
Copyright (c) 1995-2013 Xilinx, Inc.  All rights reserved.

/opt/Xilinx/14.7/ISE_DS/ISE/bin/lin64/unwrapped/trce -intstyle ise -v 3 -s 3 -n
3 -fastpaths -xml parking_meter.twx parking_meter.ncd -o parking_meter.twr
parking_meter.pcf

Design file:              parking_meter.ncd
Physical constraint file: parking_meter.pcf
Device,package,speed:     xc6slx4,csg225,C,-3 (PRODUCTION 1.23 2013-10-13)
Report level:             verbose report

Environment Variable      Effect 
--------------------      ------ 
NONE                      No environment variables were set
--------------------------------------------------------------------------------

INFO:Timing:2698 - No timing constraints found, doing default enumeration.
INFO:Timing:3412 - To improve timing, see the Timing Closure User Guide (UG612).
INFO:Timing:2752 - To get complete path coverage, use the unconstrained paths 
   option. All paths that are not constrained will be reported in the 
   unconstrained paths section(s) of the report.
INFO:Timing:3339 - The clock-to-out numbers in this timing report are based on 
   a 50 Ohm transmission line loading model.  For the details of this model, 
   and for more information on accounting for different loading conditions, 
   please see the device datasheet.



Data Sheet report:
-----------------
All values displayed in nanoseconds (ns)

Setup/Hold to clock clk
------------+------------+------------+------------+------------+------------------+--------+
            |Max Setup to|  Process   |Max Hold to |  Process   |                  | Clock  |
Source      | clk (edge) |   Corner   | clk (edge) |   Corner   |Internal Clock(s) | Phase  |
------------+------------+------------+------------+------------+------------------+--------+
rst         |    6.111(R)|      SLOW  |    0.045(R)|      SLOW  |clk_BUFGP         |   0.000|
rst1        |    3.462(R)|      SLOW  |   -1.811(R)|      FAST  |clk_BUFGP         |   0.000|
rst2        |    2.417(R)|      SLOW  |   -0.907(R)|      FAST  |clk_BUFGP         |   0.000|
------------+------------+------------+------------+------------+------------------+--------+

Clock clk to Pad
------------+-----------------+------------+-----------------+------------+------------------+--------+
            |Max (slowest) clk|  Process   |Min (fastest) clk|  Process   |                  | Clock  |
Destination |  (edge) to PAD  |   Corner   |  (edge) to PAD  |   Corner   |Internal Clock(s) | Phase  |
------------+-----------------+------------+-----------------+------------+------------------+--------+
a1          |         7.171(R)|      SLOW  |         3.771(R)|      FAST  |clk_BUFGP         |   0.000|
a2          |         7.318(R)|      SLOW  |         3.905(R)|      FAST  |clk_BUFGP         |   0.000|
a3          |         7.846(R)|      SLOW  |         4.260(R)|      FAST  |clk_BUFGP         |   0.000|
a4          |         7.689(R)|      SLOW  |         4.126(R)|      FAST  |clk_BUFGP         |   0.000|
led_seg<0>  |         7.606(R)|      SLOW  |         4.043(R)|      FAST  |clk_BUFGP         |   0.000|
led_seg<1>  |         7.410(R)|      SLOW  |         3.934(R)|      FAST  |clk_BUFGP         |   0.000|
led_seg<2>  |         7.727(R)|      SLOW  |         4.149(R)|      FAST  |clk_BUFGP         |   0.000|
led_seg<3>  |         7.710(R)|      SLOW  |         4.137(R)|      FAST  |clk_BUFGP         |   0.000|
led_seg<4>  |         7.613(R)|      SLOW  |         4.055(R)|      FAST  |clk_BUFGP         |   0.000|
led_seg<5>  |         7.229(R)|      SLOW  |         3.816(R)|      FAST  |clk_BUFGP         |   0.000|
led_seg<6>  |         7.813(R)|      SLOW  |         4.222(R)|      FAST  |clk_BUFGP         |   0.000|
val1<0>     |        17.180(R)|      SLOW  |         6.002(R)|      FAST  |clk_BUFGP         |   0.000|
val1<1>     |        14.900(R)|      SLOW  |         5.530(R)|      FAST  |clk_BUFGP         |   0.000|
val1<2>     |        12.919(R)|      SLOW  |         5.614(R)|      FAST  |clk_BUFGP         |   0.000|
val1<3>     |        10.529(R)|      SLOW  |         5.461(R)|      FAST  |clk_BUFGP         |   0.000|
val2<0>     |        19.683(R)|      SLOW  |         6.177(R)|      FAST  |clk_BUFGP         |   0.000|
val2<1>     |        19.021(R)|      SLOW  |         6.112(R)|      FAST  |clk_BUFGP         |   0.000|
val2<2>     |        18.923(R)|      SLOW  |         6.062(R)|      FAST  |clk_BUFGP         |   0.000|
val2<3>     |        17.918(R)|      SLOW  |         6.486(R)|      FAST  |clk_BUFGP         |   0.000|
val3<0>     |        22.863(R)|      SLOW  |         6.253(R)|      FAST  |clk_BUFGP         |   0.000|
val3<1>     |        23.085(R)|      SLOW  |         6.516(R)|      FAST  |clk_BUFGP         |   0.000|
val3<2>     |        22.715(R)|      SLOW  |         6.520(R)|      FAST  |clk_BUFGP         |   0.000|
val3<3>     |        23.253(R)|      SLOW  |         7.029(R)|      FAST  |clk_BUFGP         |   0.000|
val4<0>     |         9.272(R)|      SLOW  |         5.126(R)|      FAST  |clk_BUFGP         |   0.000|
val4<1>     |        21.176(R)|      SLOW  |         6.259(R)|      FAST  |clk_BUFGP         |   0.000|
val4<2>     |        20.602(R)|      SLOW  |         6.113(R)|      FAST  |clk_BUFGP         |   0.000|
val4<3>     |        21.472(R)|      SLOW  |         7.587(R)|      FAST  |clk_BUFGP         |   0.000|
------------+-----------------+------------+-----------------+------------+------------------+--------+

Clock to Setup on destination clock clk
---------------+---------+---------+---------+---------+
               | Src:Rise| Src:Fall| Src:Rise| Src:Fall|
Source Clock   |Dest:Rise|Dest:Rise|Dest:Fall|Dest:Fall|
---------------+---------+---------+---------+---------+
clk            |   18.082|         |         |         |
---------------+---------+---------+---------+---------+


Analysis completed Sun Jun  6 19:29:42 2021 
--------------------------------------------------------------------------------

Trace Settings:
-------------------------
Trace Settings 

Peak Memory Usage: 383 MB



