--------------------------------------------------------------------------------
Release 14.7 Trace  (lin64)
Copyright (c) 1995-2013 Xilinx, Inc.  All rights reserved.

/opt/Xilinx/14.7/ISE_DS/ISE/bin/lin64/unwrapped/trce -intstyle ise -v 3 -s 3 -n
3 -fastpaths -xml FPCVT.twx FPCVT.ncd -o FPCVT.twr FPCVT.pcf

Design file:              FPCVT.ncd
Physical constraint file: FPCVT.pcf
Device,package,speed:     xc6slx16,csg324,C,-3 (PRODUCTION 1.23 2013-10-13)
Report level:             verbose report

Environment Variable      Effect 
--------------------      ------ 
NONE                      No environment variables were set
--------------------------------------------------------------------------------

INFO:Timing:2698 - No timing constraints found, doing default enumeration.
INFO:Timing:3412 - To improve timing, see the Timing Closure User Guide (UG612).
INFO:Timing:2752 - To get complete path coverage, use the unconstrained paths 
   option. All paths that are not constrained will be reported in the 
   unconstrained paths section(s) of the report.
INFO:Timing:3339 - The clock-to-out numbers in this timing report are based on 
   a 50 Ohm transmission line loading model.  For the details of this model, 
   and for more information on accounting for different loading conditions, 
   please see the device datasheet.



Data Sheet report:
-----------------
All values displayed in nanoseconds (ns)

Pad to Pad
---------------+---------------+---------+
Source Pad     |Destination Pad|  Delay  |
---------------+---------------+---------+
D<0>           |E<0>           |   14.047|
D<0>           |E<1>           |   13.719|
D<0>           |E<2>           |   13.529|
D<0>           |F<0>           |   13.354|
D<0>           |F<1>           |   14.054|
D<0>           |F<2>           |   14.160|
D<0>           |F<3>           |   14.303|
D<0>           |F<4>           |   13.767|
D<1>           |E<0>           |   14.136|
D<1>           |E<1>           |   13.808|
D<1>           |E<2>           |   13.618|
D<1>           |F<0>           |   13.443|
D<1>           |F<1>           |   14.143|
D<1>           |F<2>           |   14.249|
D<1>           |F<3>           |   14.392|
D<1>           |F<4>           |   13.856|
D<2>           |E<0>           |   13.854|
D<2>           |E<1>           |   13.526|
D<2>           |E<2>           |   13.336|
D<2>           |F<0>           |   13.161|
D<2>           |F<1>           |   13.861|
D<2>           |F<2>           |   13.967|
D<2>           |F<3>           |   14.110|
D<2>           |F<4>           |   13.574|
D<3>           |E<0>           |   13.764|
D<3>           |E<1>           |   13.436|
D<3>           |E<2>           |   13.246|
D<3>           |F<0>           |   13.071|
D<3>           |F<1>           |   13.771|
D<3>           |F<2>           |   13.877|
D<3>           |F<3>           |   14.020|
D<3>           |F<4>           |   13.484|
D<4>           |E<0>           |   14.124|
D<4>           |E<1>           |   13.796|
D<4>           |E<2>           |   13.606|
D<4>           |F<0>           |   13.431|
D<4>           |F<1>           |   14.131|
D<4>           |F<2>           |   14.237|
D<4>           |F<3>           |   14.380|
D<4>           |F<4>           |   13.844|
D<5>           |E<0>           |   13.973|
D<5>           |E<1>           |   13.645|
D<5>           |E<2>           |   13.455|
D<5>           |F<0>           |   13.280|
D<5>           |F<1>           |   13.980|
D<5>           |F<2>           |   14.086|
D<5>           |F<3>           |   14.229|
D<5>           |F<4>           |   13.693|
D<6>           |E<0>           |   13.777|
D<6>           |E<1>           |   13.449|
D<6>           |E<2>           |   13.259|
D<6>           |F<0>           |   13.084|
D<6>           |F<1>           |   13.784|
D<6>           |F<2>           |   13.890|
D<6>           |F<3>           |   14.033|
D<6>           |F<4>           |   13.497|
D<7>           |E<0>           |   13.513|
D<7>           |E<1>           |   13.185|
D<7>           |E<2>           |   12.995|
D<7>           |F<0>           |   12.820|
D<7>           |F<1>           |   13.520|
D<7>           |F<2>           |   13.626|
D<7>           |F<3>           |   13.769|
D<7>           |F<4>           |   13.233|
D<8>           |E<0>           |   13.421|
D<8>           |E<1>           |   13.093|
D<8>           |E<2>           |   12.903|
D<8>           |F<0>           |   12.728|
D<8>           |F<1>           |   13.428|
D<8>           |F<2>           |   13.534|
D<8>           |F<3>           |   13.677|
D<8>           |F<4>           |   13.141|
D<9>           |E<0>           |   13.100|
D<9>           |E<1>           |   12.772|
D<9>           |E<2>           |   12.582|
D<9>           |F<0>           |   12.407|
D<9>           |F<1>           |   13.107|
D<9>           |F<2>           |   13.213|
D<9>           |F<3>           |   13.356|
D<9>           |F<4>           |   12.820|
D<10>          |E<0>           |   11.845|
D<10>          |E<1>           |   11.517|
D<10>          |E<2>           |   11.327|
D<10>          |F<0>           |   11.152|
D<10>          |F<1>           |   11.852|
D<10>          |F<2>           |   11.958|
D<10>          |F<3>           |   12.101|
D<10>          |F<4>           |   11.565|
D<11>          |E<0>           |   11.659|
D<11>          |E<1>           |   11.331|
D<11>          |E<2>           |   11.141|
D<11>          |F<0>           |   10.966|
D<11>          |F<1>           |   11.666|
D<11>          |F<2>           |   11.772|
D<11>          |F<3>           |   11.915|
D<11>          |F<4>           |   11.379|
D<12>          |E<0>           |   12.710|
D<12>          |E<1>           |   12.382|
D<12>          |E<2>           |   12.192|
D<12>          |F<0>           |   12.017|
D<12>          |F<1>           |   12.717|
D<12>          |F<2>           |   12.823|
D<12>          |F<3>           |   12.966|
D<12>          |F<4>           |   12.430|
D<12>          |S              |    6.203|
---------------+---------------+---------+


Analysis completed Tue Mar 30 12:56:08 2021 
--------------------------------------------------------------------------------

Trace Settings:
-------------------------
Trace Settings 

Peak Memory Usage: 388 MB



